// Jest Snapshot v1, https://goo.gl/fbAQLP

exports[`Trial Component should render correctly 1`] = `"<div><h1 class=\\"icon-star\\">Hello World.....hey</h1></div>"`;

exports[`Trial Component should render correctly 2`] = `"<div><h1>No Message</h1></div>"`;
