// Jest Snapshot v1, https://goo.gl/fbAQLP

exports[`should render correctly 1`] = `
<form
  className="white"
  onSubmit={[Function]}
>
  <h4
    className="header grey-text text-darken-3"
  >
    Sign Up
  </h4>
  <div
    className="input-field"
  >
    <label
      htmlFor="email"
    >
      Email
    </label>
    <input
      id="email"
      onChange={[Function]}
      type="email"
    />
  </div>
  <div
    className="input-field"
  >
    <label
      htmlFor="password"
    >
      Password
    </label>
    <input
      id="password"
      onChange={[Function]}
      type="password"
    />
  </div>
  <div
    className="input-field"
  >
    <label
      htmlFor="firstName"
    >
      First Name
    </label>
    <input
      id="firstName"
      onChange={[Function]}
      type="text"
    />
  </div>
  <div
    className="input-field"
  >
    <label
      htmlFor="lastName"
    >
      Last Name
    </label>
    <input
      id="lastName"
      onChange={[Function]}
      type="text"
    />
  </div>
  <div
    className="input-field"
  >
    <button
      className="btn pink lighten-1 z-depth-0"
      type="submit"
    >
      SignUp
    </button>
  </div>
</form>
`;
