// Jest Snapshot v1, https://goo.gl/fbAQLP

exports[`should render as expected 1`] = `
<div
  className="dashboard container"
>
  <div
    className="row"
  >
    <div
      className="col s12 m6"
    >
      <div
        className="project-list section"
        style={
          Object {
            "maxHeight": "500px",
            "overflow": "auto",
            "padding": "0 20px",
          }
        }
      >
        <div
          className="progress"
        >
          <div
            className="indeterminate"
          />
        </div>
      </div>
    </div>
    <div
      className="col s12 m5 offset-m1"
    >
      <div>
        <p>
          Notifications
        </p>
      </div>
    </div>
  </div>
</div>
`;
