// Jest Snapshot v1, https://goo.gl/fbAQLP

exports[`should correctly cardify a component 1`] = `
<div
  className="card"
>
  <div
    className="card-content"
  >
    <div>
      Test Component for cardify hoc component
    </div>
  </div>
</div>
`;
