// Jest Snapshot v1, https://goo.gl/fbAQLP

exports[`should render the expected HTML 1`] = `
<div
  className="App"
>
  <nav>
    <div
      className="nav-wrapper grey darken-3"
    >
      <div
        className="container"
      >
        <a
          className="brand-logo"
          href="/"
          onClick={[Function]}
        >
          MarioPlan
        </a>
        <ul
          className="right"
        >
          <li>
            <a
              href="/create"
              onClick={[Function]}
            >
              Create Project
            </a>
          </li>
          <li>
            <a
              href="/"
              onClick={[Function]}
            >
              Logout
            </a>
          </li>
          <li>
            <a
              className="btn btn-floating pink lighten-3"
              href="/"
              onClick={[Function]}
            >
              NN
            </a>
          </li>
        </ul>
        <ul
          className="right"
        >
          <li>
            <a
              href="/signin"
              onClick={[Function]}
            >
              Sign Up
            </a>
          </li>
          <li>
            <a
              href="/signup"
              onClick={[Function]}
            >
              Login
            </a>
          </li>
        </ul>
      </div>
    </div>
  </nav>
  <div
    className="dashboard container"
  >
    <div
      className="row"
    >
      <div
        className="col s12 m6"
      >
        <div
          className="project-list section"
          style={
            Object {
              "maxHeight": "500px",
              "overflow": "auto",
              "padding": "0 20px",
            }
          }
        >
          <a
            href="/project/1"
            onClick={[Function]}
          >
            <div>
              <div
                className="project-summary card"
              >
                <div
                  className="card-content grey-text text-darken-3"
                >
                  <span
                    className="card-title"
                  >
                    Title 1
                  </span>
                  <p>
                    Posted By Net Ninja
                  </p>
                  <p
                    className="grey-text"
                  >
                    3rd September, 2am
                  </p>
                </div>
              </div>
            </div>
          </a>
        </div>
      </div>
      <div
        className="col s12 m5 offset-m1"
      >
        <div>
          <p>
            Notifications
          </p>
        </div>
      </div>
    </div>
  </div>
</div>
`;
